
===========================================================================
report_checks -path_delay max (Setup)
============================================================================
Startpoint: n[2] (input port clocked by clkin)
Endpoint: _130_ (rising edge-triggered flip-flop clocked by clkin')
Path Group: clkin
Path Type: max

Fanout     Cap    Slew   Delay    Time   Description
-----------------------------------------------------------------------------
                  0.15    0.00    0.00   clock clkin (rise edge)
                          0.00    0.00   clock network delay (ideal)
                          2.00    2.00 v input external delay
                  0.01    0.00    2.00 v n[2] (in)
     1    0.00                           n[2] (net)
                  0.01    0.00    2.00 v input4/A (sky130_fd_sc_hd__dlymetal6s2s_1)
                  0.10    0.18    2.19 v input4/X (sky130_fd_sc_hd__dlymetal6s2s_1)
     6    0.02                           net4 (net)
                  0.10    0.00    2.19 v _063_/B (sky130_fd_sc_hd__or4_1)
                  0.10    0.55    2.74 v _063_/X (sky130_fd_sc_hd__or4_1)
     2    0.00                           _013_ (net)
                  0.10    0.00    2.74 v _064_/B (sky130_fd_sc_hd__and2_1)
                  0.06    0.21    2.95 v _064_/X (sky130_fd_sc_hd__and2_1)
     3    0.01                           _014_ (net)
                  0.06    0.00    2.95 v _076_/A2 (sky130_fd_sc_hd__a21boi_1)
                  0.27    0.27    3.22 ^ _076_/Y (sky130_fd_sc_hd__a21boi_1)
     4    0.01                           _026_ (net)
                  0.27    0.00    3.22 ^ _084_/B1 (sky130_fd_sc_hd__o2111a_1)
                  0.05    0.23    3.46 ^ _084_/X (sky130_fd_sc_hd__o2111a_1)
     1    0.00                           _009_ (net)
                  0.05    0.00    3.46 ^ _130_/D (sky130_fd_sc_hd__dfxtp_1)
                                  3.46   data arrival time

                  0.15    5.00    5.00   clock clkin' (rise edge)
                          0.00    5.00   clock network delay (ideal)
                         -0.25    4.75   clock uncertainty
                          0.00    4.75   clock reconvergence pessimism
                                  4.75 ^ _130_/CLK (sky130_fd_sc_hd__dfxtp_1)
                         -0.04    4.71   library setup time
                                  4.71   data required time
-----------------------------------------------------------------------------
                                  4.71   data required time
                                 -3.46   data arrival time
-----------------------------------------------------------------------------
                                  1.25   slack (MET)


Startpoint: n[2] (input port clocked by clkin)
Endpoint: _131_ (rising edge-triggered flip-flop clocked by clkin')
Path Group: clkin
Path Type: max

Fanout     Cap    Slew   Delay    Time   Description
-----------------------------------------------------------------------------
                  0.15    0.00    0.00   clock clkin (rise edge)
                          0.00    0.00   clock network delay (ideal)
                          2.00    2.00 v input external delay
                  0.01    0.00    2.00 v n[2] (in)
     1    0.00                           n[2] (net)
                  0.01    0.00    2.00 v input4/A (sky130_fd_sc_hd__dlymetal6s2s_1)
                  0.10    0.18    2.19 v input4/X (sky130_fd_sc_hd__dlymetal6s2s_1)
     6    0.02                           net4 (net)
                  0.10    0.00    2.19 v _063_/B (sky130_fd_sc_hd__or4_1)
                  0.10    0.55    2.74 v _063_/X (sky130_fd_sc_hd__or4_1)
     2    0.00                           _013_ (net)
                  0.10    0.00    2.74 v _064_/B (sky130_fd_sc_hd__and2_1)
                  0.06    0.21    2.95 v _064_/X (sky130_fd_sc_hd__and2_1)
     3    0.01                           _014_ (net)
                  0.06    0.00    2.95 v _076_/A2 (sky130_fd_sc_hd__a21boi_1)
                  0.27    0.27    3.22 ^ _076_/Y (sky130_fd_sc_hd__a21boi_1)
     4    0.01                           _026_ (net)
                  0.27    0.00    3.22 ^ _082_/B1 (sky130_fd_sc_hd__o211a_1)
                  0.05    0.21    3.43 ^ _082_/X (sky130_fd_sc_hd__o211a_1)
     1    0.00                           _010_ (net)
                  0.05    0.00    3.43 ^ _131_/D (sky130_fd_sc_hd__dfxtp_1)
                                  3.43   data arrival time

                  0.15    5.00    5.00   clock clkin' (rise edge)
                          0.00    5.00   clock network delay (ideal)
                         -0.25    4.75   clock uncertainty
                          0.00    4.75   clock reconvergence pessimism
                                  4.75 ^ _131_/CLK (sky130_fd_sc_hd__dfxtp_1)
                         -0.04    4.71   library setup time
                                  4.71   data required time
-----------------------------------------------------------------------------
                                  4.71   data required time
                                 -3.43   data arrival time
-----------------------------------------------------------------------------
                                  1.28   slack (MET)


Startpoint: n[2] (input port clocked by clkin)
Endpoint: _129_ (rising edge-triggered flip-flop clocked by clkin')
Path Group: clkin
Path Type: max

Fanout     Cap    Slew   Delay    Time   Description
-----------------------------------------------------------------------------
                  0.15    0.00    0.00   clock clkin (rise edge)
                          0.00    0.00   clock network delay (ideal)
                          2.00    2.00 v input external delay
                  0.01    0.00    2.00 v n[2] (in)
     1    0.00                           n[2] (net)
                  0.01    0.00    2.00 v input4/A (sky130_fd_sc_hd__dlymetal6s2s_1)
                  0.10    0.18    2.19 v input4/X (sky130_fd_sc_hd__dlymetal6s2s_1)
     6    0.02                           net4 (net)
                  0.10    0.00    2.19 v _063_/B (sky130_fd_sc_hd__or4_1)
                  0.10    0.55    2.74 v _063_/X (sky130_fd_sc_hd__or4_1)
     2    0.00                           _013_ (net)
                  0.10    0.00    2.74 v _064_/B (sky130_fd_sc_hd__and2_1)
                  0.06    0.21    2.95 v _064_/X (sky130_fd_sc_hd__and2_1)
     3    0.01                           _014_ (net)
                  0.06    0.00    2.95 v _076_/A2 (sky130_fd_sc_hd__a21boi_1)
                  0.27    0.27    3.22 ^ _076_/Y (sky130_fd_sc_hd__a21boi_1)
     4    0.01                           _026_ (net)
                  0.27    0.00    3.22 ^ _086_/B1 (sky130_fd_sc_hd__o211a_1)
                  0.05    0.20    3.43 ^ _086_/X (sky130_fd_sc_hd__o211a_1)
     1    0.00                           _008_ (net)
                  0.05    0.00    3.43 ^ _129_/D (sky130_fd_sc_hd__dfxtp_1)
                                  3.43   data arrival time

                  0.15    5.00    5.00   clock clkin' (rise edge)
                          0.00    5.00   clock network delay (ideal)
                         -0.25    4.75   clock uncertainty
                          0.00    4.75   clock reconvergence pessimism
                                  4.75 ^ _129_/CLK (sky130_fd_sc_hd__dfxtp_1)
                         -0.04    4.71   library setup time
                                  4.71   data required time
-----------------------------------------------------------------------------
                                  4.71   data required time
                                 -3.43   data arrival time
-----------------------------------------------------------------------------
                                  1.28   slack (MET)


Startpoint: n[2] (input port clocked by clkin)
Endpoint: _132_ (rising edge-triggered flip-flop clocked by clkin')
Path Group: clkin
Path Type: max

Fanout     Cap    Slew   Delay    Time   Description
-----------------------------------------------------------------------------
                  0.15    0.00    0.00   clock clkin (rise edge)
                          0.00    0.00   clock network delay (ideal)
                          2.00    2.00 v input external delay
                  0.01    0.00    2.00 v n[2] (in)
     1    0.00                           n[2] (net)
                  0.01    0.00    2.00 v input4/A (sky130_fd_sc_hd__dlymetal6s2s_1)
                  0.10    0.18    2.19 v input4/X (sky130_fd_sc_hd__dlymetal6s2s_1)
     6    0.02                           net4 (net)
                  0.10    0.00    2.19 v _063_/B (sky130_fd_sc_hd__or4_1)
                  0.10    0.55    2.74 v _063_/X (sky130_fd_sc_hd__or4_1)
     2    0.00                           _013_ (net)
                  0.10    0.00    2.74 v _064_/B (sky130_fd_sc_hd__and2_1)
                  0.06    0.21    2.95 v _064_/X (sky130_fd_sc_hd__and2_1)
     3    0.01                           _014_ (net)
                  0.06    0.00    2.95 v _076_/A2 (sky130_fd_sc_hd__a21boi_1)
                  0.27    0.27    3.22 ^ _076_/Y (sky130_fd_sc_hd__a21boi_1)
     4    0.01                           _026_ (net)
                  0.27    0.00    3.22 ^ _079_/B1 (sky130_fd_sc_hd__o211a_1)
                  0.04    0.20    3.42 ^ _079_/X (sky130_fd_sc_hd__o211a_1)
     1    0.00                           _011_ (net)
                  0.04    0.00    3.42 ^ _132_/D (sky130_fd_sc_hd__dfxtp_1)
                                  3.42   data arrival time

                  0.15    5.00    5.00   clock clkin' (rise edge)
                          0.00    5.00   clock network delay (ideal)
                         -0.25    4.75   clock uncertainty
                          0.00    4.75   clock reconvergence pessimism
                                  4.75 ^ _132_/CLK (sky130_fd_sc_hd__dfxtp_1)
                         -0.04    4.71   library setup time
                                  4.71   data required time
-----------------------------------------------------------------------------
                                  4.71   data required time
                                 -3.42   data arrival time
-----------------------------------------------------------------------------
                                  1.29   slack (MET)


Startpoint: _129_ (rising edge-triggered flip-flop clocked by clkin')
Endpoint: clkout (output port clocked by clkin)
Path Group: clkin
Path Type: max

Fanout     Cap    Slew   Delay    Time   Description
-----------------------------------------------------------------------------
                  0.15    5.00    5.00   clock clkin' (rise edge)
                          0.00    5.00   clock network delay (ideal)
                  0.15    0.00    5.00 ^ _129_/CLK (sky130_fd_sc_hd__dfxtp_1)
                  0.08    0.39    5.39 v _129_/Q (sky130_fd_sc_hd__dfxtp_1)
     6    0.02                           nc[0] (net)
                  0.08    0.00    5.39 v _085_/A (sky130_vsdinv)
                  0.05    0.08    5.47 ^ _085_/Y (sky130_vsdinv)
     2    0.00                           _032_ (net)
                  0.05    0.00    5.47 ^ _088_/A1_N (sky130_fd_sc_hd__a2bb2o_1)
                  0.05    0.29    5.76 v _088_/X (sky130_fd_sc_hd__a2bb2o_1)
     1    0.00                           _034_ (net)
                  0.05    0.00    5.76 v _091_/A1 (sky130_fd_sc_hd__a21o_1)
                  0.04    0.16    5.92 v _091_/X (sky130_fd_sc_hd__a21o_1)
     1    0.00                           _037_ (net)
                  0.04    0.00    5.92 v _099_/A2 (sky130_fd_sc_hd__a211oi_1)
                  0.21    0.25    6.18 ^ _099_/Y (sky130_fd_sc_hd__a211oi_1)
     1    0.00                           net6 (net)
                  0.21    0.00    6.18 ^ output6/A (sky130_fd_sc_hd__buf_2)
                  0.17    0.26    6.44 ^ output6/X (sky130_fd_sc_hd__buf_2)
     1    0.03                           clkout (net)
                  0.17    0.00    6.44 ^ clkout (out)
                                  6.44   data arrival time

                  0.15   10.00   10.00   clock clkin (rise edge)
                          0.00   10.00   clock network delay (ideal)
                         -0.25    9.75   clock uncertainty
                          0.00    9.75   clock reconvergence pessimism
                         -2.00    7.75   output external delay
                                  7.75   data required time
-----------------------------------------------------------------------------
                                  7.75   data required time
                                 -6.44   data arrival time
-----------------------------------------------------------------------------
                                  1.31   slack (MET)


