
===========================================================================
report_checks -path_delay min (Hold)
============================================================================
Startpoint: _129_ (rising edge-triggered flip-flop clocked by clkin')
Endpoint: _129_ (rising edge-triggered flip-flop clocked by clkin')
Path Group: clkin
Path Type: min

Fanout     Cap    Slew   Delay    Time   Description
-----------------------------------------------------------------------------
                          5.00    5.00   clock clkin' (rise edge)
                          0.00    5.00   clock source latency
                  0.02    0.01    5.01 v clkin (in)
     1    0.01                           clkin (net)
                  0.02    0.00    5.01 v clkbuf_0_clkin/A (sky130_fd_sc_hd__clkbuf_16)
                  0.03    0.13    5.14 v clkbuf_0_clkin/X (sky130_fd_sc_hd__clkbuf_16)
     2    0.02                           clknet_0_clkin (net)
                  0.03    0.00    5.14 v clkbuf_1_0__f_clkin/A (sky130_fd_sc_hd__clkbuf_16)
                  0.03    0.13    5.27 v clkbuf_1_0__f_clkin/X (sky130_fd_sc_hd__clkbuf_16)
     4    0.02                           clknet_1_0__leaf_clkin (net)
                  0.03    0.00    5.27 v _121__1/A (sky130_fd_sc_hd__inv_2)
                  0.02    0.03    5.31 ^ _121__1/Y (sky130_fd_sc_hd__inv_2)
     1    0.00                           net7 (net)
                  0.02    0.00    5.31 ^ _129_/CLK (sky130_fd_sc_hd__dfxtp_1)
                  0.08    0.31    5.62 v _129_/Q (sky130_fd_sc_hd__dfxtp_1)
     6    0.02                           nc[0] (net)
                  0.08    0.00    5.62 v _085_/A (sky130_vsdinv)
                  0.05    0.07    5.69 ^ _085_/Y (sky130_vsdinv)
     2    0.00                           _032_ (net)
                  0.05    0.00    5.69 ^ _086_/C1 (sky130_fd_sc_hd__o211a_1)
                  0.04    0.12    5.81 ^ _086_/X (sky130_fd_sc_hd__o211a_1)
     1    0.00                           _008_ (net)
                  0.04    0.00    5.81 ^ _129_/D (sky130_fd_sc_hd__dfxtp_1)
                                  5.81   data arrival time

                          5.00    5.00   clock clkin' (rise edge)
                          0.00    5.00   clock source latency
                  0.02    0.01    5.01 v clkin (in)
     1    0.01                           clkin (net)
                  0.02    0.00    5.01 v clkbuf_0_clkin/A (sky130_fd_sc_hd__clkbuf_16)
                  0.03    0.14    5.15 v clkbuf_0_clkin/X (sky130_fd_sc_hd__clkbuf_16)
     2    0.02                           clknet_0_clkin (net)
                  0.03    0.00    5.15 v clkbuf_1_0__f_clkin/A (sky130_fd_sc_hd__clkbuf_16)
                  0.03    0.15    5.30 v clkbuf_1_0__f_clkin/X (sky130_fd_sc_hd__clkbuf_16)
     4    0.02                           clknet_1_0__leaf_clkin (net)
                  0.03    0.00    5.30 v _121__1/A (sky130_fd_sc_hd__inv_2)
                  0.02    0.04    5.34 ^ _121__1/Y (sky130_fd_sc_hd__inv_2)
     1    0.00                           net7 (net)
                  0.02    0.00    5.34 ^ _129_/CLK (sky130_fd_sc_hd__dfxtp_1)
                          0.25    5.59   clock uncertainty
                         -0.03    5.56   clock reconvergence pessimism
                         -0.03    5.52   library hold time
                                  5.52   data required time
-----------------------------------------------------------------------------
                                  5.52   data required time
                                 -5.81   data arrival time
-----------------------------------------------------------------------------
                                  0.29   slack (MET)


Startpoint: _132_ (rising edge-triggered flip-flop clocked by clkin')
Endpoint: _132_ (rising edge-triggered flip-flop clocked by clkin')
Path Group: clkin
Path Type: min

Fanout     Cap    Slew   Delay    Time   Description
-----------------------------------------------------------------------------
                          5.00    5.00   clock clkin' (rise edge)
                          0.00    5.00   clock source latency
                  0.02    0.01    5.01 v clkin (in)
     1    0.01                           clkin (net)
                  0.02    0.00    5.01 v clkbuf_0_clkin/A (sky130_fd_sc_hd__clkbuf_16)
                  0.03    0.13    5.14 v clkbuf_0_clkin/X (sky130_fd_sc_hd__clkbuf_16)
     2    0.02                           clknet_0_clkin (net)
                  0.03    0.00    5.14 v clkbuf_1_0__f_clkin/A (sky130_fd_sc_hd__clkbuf_16)
                  0.03    0.13    5.27 v clkbuf_1_0__f_clkin/X (sky130_fd_sc_hd__clkbuf_16)
     4    0.02                           clknet_1_0__leaf_clkin (net)
                  0.03    0.00    5.27 v _124__4/A (sky130_fd_sc_hd__inv_2)
                  0.02    0.03    5.30 ^ _124__4/Y (sky130_fd_sc_hd__inv_2)
     1    0.00                           net10 (net)
                  0.02    0.00    5.30 ^ _132_/CLK (sky130_fd_sc_hd__dfxtp_1)
                  0.14    0.35    5.65 ^ _132_/Q (sky130_fd_sc_hd__dfxtp_1)
     4    0.01                           nc[3] (net)
                  0.14    0.00    5.65 ^ _078_/A (sky130_fd_sc_hd__xor2_1)
                  0.04    0.08    5.73 v _078_/X (sky130_fd_sc_hd__xor2_1)
     1    0.00                           _028_ (net)
                  0.04    0.00    5.73 v _079_/C1 (sky130_fd_sc_hd__o211a_1)
                  0.03    0.09    5.83 v _079_/X (sky130_fd_sc_hd__o211a_1)
     1    0.00                           _011_ (net)
                  0.03    0.00    5.83 v _132_/D (sky130_fd_sc_hd__dfxtp_1)
                                  5.83   data arrival time

                          5.00    5.00   clock clkin' (rise edge)
                          0.00    5.00   clock source latency
                  0.02    0.01    5.01 v clkin (in)
     1    0.01                           clkin (net)
                  0.02    0.00    5.01 v clkbuf_0_clkin/A (sky130_fd_sc_hd__clkbuf_16)
                  0.03    0.14    5.15 v clkbuf_0_clkin/X (sky130_fd_sc_hd__clkbuf_16)
     2    0.02                           clknet_0_clkin (net)
                  0.03    0.00    5.15 v clkbuf_1_0__f_clkin/A (sky130_fd_sc_hd__clkbuf_16)
                  0.03    0.15    5.30 v clkbuf_1_0__f_clkin/X (sky130_fd_sc_hd__clkbuf_16)
     4    0.02                           clknet_1_0__leaf_clkin (net)
                  0.03    0.00    5.30 v _124__4/A (sky130_fd_sc_hd__inv_2)
                  0.02    0.04    5.34 ^ _124__4/Y (sky130_fd_sc_hd__inv_2)
     1    0.00                           net10 (net)
                  0.02    0.00    5.34 ^ _132_/CLK (sky130_fd_sc_hd__dfxtp_1)
                          0.25    5.59   clock uncertainty
                         -0.03    5.55   clock reconvergence pessimism
                         -0.05    5.50   library hold time
                                  5.50   data required time
-----------------------------------------------------------------------------
                                  5.50   data required time
                                 -5.83   data arrival time
-----------------------------------------------------------------------------
                                  0.32   slack (MET)


Startpoint: _129_ (rising edge-triggered flip-flop clocked by clkin')
Endpoint: _130_ (rising edge-triggered flip-flop clocked by clkin')
Path Group: clkin
Path Type: min

Fanout     Cap    Slew   Delay    Time   Description
-----------------------------------------------------------------------------
                          5.00    5.00   clock clkin' (rise edge)
                          0.00    5.00   clock source latency
                  0.02    0.01    5.01 v clkin (in)
     1    0.01                           clkin (net)
                  0.02    0.00    5.01 v clkbuf_0_clkin/A (sky130_fd_sc_hd__clkbuf_16)
                  0.03    0.13    5.14 v clkbuf_0_clkin/X (sky130_fd_sc_hd__clkbuf_16)
     2    0.02                           clknet_0_clkin (net)
                  0.03    0.00    5.14 v clkbuf_1_0__f_clkin/A (sky130_fd_sc_hd__clkbuf_16)
                  0.03    0.13    5.27 v clkbuf_1_0__f_clkin/X (sky130_fd_sc_hd__clkbuf_16)
     4    0.02                           clknet_1_0__leaf_clkin (net)
                  0.03    0.00    5.27 v _121__1/A (sky130_fd_sc_hd__inv_2)
                  0.02    0.03    5.31 ^ _121__1/Y (sky130_fd_sc_hd__inv_2)
     1    0.00                           net7 (net)
                  0.02    0.00    5.31 ^ _129_/CLK (sky130_fd_sc_hd__dfxtp_1)
                  0.08    0.31    5.62 v _129_/Q (sky130_fd_sc_hd__dfxtp_1)
     6    0.02                           nc[0] (net)
                  0.08    0.00    5.62 v _069_/B (sky130_fd_sc_hd__nand2_1)
                  0.07    0.09    5.71 ^ _069_/Y (sky130_fd_sc_hd__nand2_1)
     2    0.01                           _019_ (net)
                  0.07    0.00    5.71 ^ _084_/D1 (sky130_fd_sc_hd__o2111a_1)
                  0.05    0.15    5.86 ^ _084_/X (sky130_fd_sc_hd__o2111a_1)
     1    0.00                           _009_ (net)
                  0.05    0.00    5.86 ^ _130_/D (sky130_fd_sc_hd__dfxtp_1)
                                  5.86   data arrival time

                          5.00    5.00   clock clkin' (rise edge)
                          0.00    5.00   clock source latency
                  0.02    0.01    5.01 v clkin (in)
     1    0.01                           clkin (net)
                  0.02    0.00    5.01 v clkbuf_0_clkin/A (sky130_fd_sc_hd__clkbuf_16)
                  0.03    0.14    5.15 v clkbuf_0_clkin/X (sky130_fd_sc_hd__clkbuf_16)
     2    0.02                           clknet_0_clkin (net)
                  0.03    0.00    5.15 v clkbuf_1_0__f_clkin/A (sky130_fd_sc_hd__clkbuf_16)
                  0.03    0.15    5.30 v clkbuf_1_0__f_clkin/X (sky130_fd_sc_hd__clkbuf_16)
     4    0.02                           clknet_1_0__leaf_clkin (net)
                  0.03    0.00    5.30 v _122__2/A (sky130_fd_sc_hd__inv_2)
                  0.02    0.04    5.34 ^ _122__2/Y (sky130_fd_sc_hd__inv_2)
     1    0.00                           net8 (net)
                  0.02    0.00    5.34 ^ _130_/CLK (sky130_fd_sc_hd__dfxtp_1)
                          0.25    5.59   clock uncertainty
                         -0.03    5.56   clock reconvergence pessimism
                         -0.03    5.52   library hold time
                                  5.52   data required time
-----------------------------------------------------------------------------
                                  5.52   data required time
                                 -5.86   data arrival time
-----------------------------------------------------------------------------
                                  0.34   slack (MET)


Startpoint: _132_ (rising edge-triggered flip-flop clocked by clkin')
Endpoint: _131_ (rising edge-triggered flip-flop clocked by clkin')
Path Group: clkin
Path Type: min

Fanout     Cap    Slew   Delay    Time   Description
-----------------------------------------------------------------------------
                          5.00    5.00   clock clkin' (rise edge)
                          0.00    5.00   clock source latency
                  0.02    0.01    5.01 v clkin (in)
     1    0.01                           clkin (net)
                  0.02    0.00    5.01 v clkbuf_0_clkin/A (sky130_fd_sc_hd__clkbuf_16)
                  0.03    0.13    5.14 v clkbuf_0_clkin/X (sky130_fd_sc_hd__clkbuf_16)
     2    0.02                           clknet_0_clkin (net)
                  0.03    0.00    5.14 v clkbuf_1_0__f_clkin/A (sky130_fd_sc_hd__clkbuf_16)
                  0.03    0.13    5.27 v clkbuf_1_0__f_clkin/X (sky130_fd_sc_hd__clkbuf_16)
     4    0.02                           clknet_1_0__leaf_clkin (net)
                  0.03    0.00    5.27 v _124__4/A (sky130_fd_sc_hd__inv_2)
                  0.02    0.03    5.30 ^ _124__4/Y (sky130_fd_sc_hd__inv_2)
     1    0.00                           net10 (net)
                  0.02    0.00    5.30 ^ _132_/CLK (sky130_fd_sc_hd__dfxtp_1)
                  0.14    0.35    5.65 ^ _132_/Q (sky130_fd_sc_hd__dfxtp_1)
     4    0.01                           nc[3] (net)
                  0.14    0.00    5.65 ^ _076_/A1 (sky130_fd_sc_hd__a21boi_1)
                  0.07    0.12    5.77 v _076_/Y (sky130_fd_sc_hd__a21boi_1)
     4    0.01                           _026_ (net)
                  0.07    0.00    5.77 v _082_/B1 (sky130_fd_sc_hd__o211a_1)
                  0.03    0.13    5.90 v _082_/X (sky130_fd_sc_hd__o211a_1)
     1    0.00                           _010_ (net)
                  0.03    0.00    5.90 v _131_/D (sky130_fd_sc_hd__dfxtp_1)
                                  5.90   data arrival time

                          5.00    5.00   clock clkin' (rise edge)
                          0.00    5.00   clock source latency
                  0.02    0.01    5.01 v clkin (in)
     1    0.01                           clkin (net)
                  0.02    0.00    5.01 v clkbuf_0_clkin/A (sky130_fd_sc_hd__clkbuf_16)
                  0.03    0.14    5.15 v clkbuf_0_clkin/X (sky130_fd_sc_hd__clkbuf_16)
     2    0.02                           clknet_0_clkin (net)
                  0.03    0.00    5.15 v clkbuf_1_1__f_clkin/A (sky130_fd_sc_hd__clkbuf_16)
                  0.03    0.14    5.29 v clkbuf_1_1__f_clkin/X (sky130_fd_sc_hd__clkbuf_16)
     4    0.01                           clknet_1_1__leaf_clkin (net)
                  0.03    0.00    5.29 v _123__3/A (sky130_fd_sc_hd__inv_2)
                  0.02    0.04    5.33 ^ _123__3/Y (sky130_fd_sc_hd__inv_2)
     1    0.00                           net9 (net)
                  0.02    0.00    5.33 ^ _131_/CLK (sky130_fd_sc_hd__dfxtp_1)
                          0.25    5.58   clock uncertainty
                         -0.01    5.57   clock reconvergence pessimism
                         -0.05    5.51   library hold time
                                  5.51   data required time
-----------------------------------------------------------------------------
                                  5.51   data required time
                                 -5.90   data arrival time
-----------------------------------------------------------------------------
                                  0.39   slack (MET)


Startpoint: _125_ (rising edge-triggered flip-flop clocked by clkin)
Endpoint: _125_ (rising edge-triggered flip-flop clocked by clkin)
Path Group: clkin
Path Type: min

Fanout     Cap    Slew   Delay    Time   Description
-----------------------------------------------------------------------------
                          0.00    0.00   clock clkin (rise edge)
                          0.00    0.00   clock source latency
                  0.05    0.03    0.03 ^ clkin (in)
     1    0.01                           clkin (net)
                  0.05    0.00    0.03 ^ clkbuf_0_clkin/A (sky130_fd_sc_hd__clkbuf_16)
                  0.04    0.12    0.15 ^ clkbuf_0_clkin/X (sky130_fd_sc_hd__clkbuf_16)
     2    0.02                           clknet_0_clkin (net)
                  0.04    0.00    0.15 ^ clkbuf_1_1__f_clkin/A (sky130_fd_sc_hd__clkbuf_16)
                  0.04    0.11    0.26 ^ clkbuf_1_1__f_clkin/X (sky130_fd_sc_hd__clkbuf_16)
     4    0.01                           clknet_1_1__leaf_clkin (net)
                  0.04    0.00    0.26 ^ _125_/CLK (sky130_fd_sc_hd__dfxtp_1)
                  0.09    0.33    0.58 v _125_/Q (sky130_fd_sc_hd__dfxtp_1)
     7    0.02                           pc[0] (net)
                  0.09    0.00    0.58 v _108_/A_N (sky130_fd_sc_hd__and3b_1)
                  0.05    0.21    0.79 ^ _108_/X (sky130_fd_sc_hd__and3b_1)
     1    0.00                           _053_ (net)
                  0.05    0.00    0.79 ^ _109_/A (sky130_fd_sc_hd__clkbuf_1)
                  0.05    0.08    0.88 ^ _109_/X (sky130_fd_sc_hd__clkbuf_1)
     1    0.00                           _004_ (net)
                  0.05    0.00    0.88 ^ _125_/D (sky130_fd_sc_hd__dfxtp_1)
                                  0.88   data arrival time

                          0.00    0.00   clock clkin (rise edge)
                          0.00    0.00   clock source latency
                  0.05    0.03    0.03 ^ clkin (in)
     1    0.01                           clkin (net)
                  0.05    0.00    0.03 ^ clkbuf_0_clkin/A (sky130_fd_sc_hd__clkbuf_16)
                  0.04    0.13    0.16 ^ clkbuf_0_clkin/X (sky130_fd_sc_hd__clkbuf_16)
     2    0.02                           clknet_0_clkin (net)
                  0.04    0.00    0.16 ^ clkbuf_1_1__f_clkin/A (sky130_fd_sc_hd__clkbuf_16)
                  0.04    0.12    0.28 ^ clkbuf_1_1__f_clkin/X (sky130_fd_sc_hd__clkbuf_16)
     4    0.01                           clknet_1_1__leaf_clkin (net)
                  0.04    0.00    0.28 ^ _125_/CLK (sky130_fd_sc_hd__dfxtp_1)
                          0.25    0.53   clock uncertainty
                         -0.03    0.51   clock reconvergence pessimism
                         -0.03    0.47   library hold time
                                  0.47   data required time
-----------------------------------------------------------------------------
                                  0.47   data required time
                                 -0.88   data arrival time
-----------------------------------------------------------------------------
                                  0.40   slack (MET)


